src/App.tsx(3,1): error TS6192: All imports in import declaration are unused.
src/components/Features.tsx(3,18): error TS6133: 'useScroll' is declared but its value is never read.
src/components/Features.tsx(3,29): error TS6133: 'useTransform' is declared but its value is never read.
src/components/Features.tsx(4,24): error TS6133: 'Zap' is declared but its value is never read.
src/components/Features.tsx(4,29): error TS6133: 'Database' is declared but its value is never read.
src/components/Features.tsx(4,39): error TS6133: 'Terminal' is declared but its value is never read.
src/components/Features.tsx(4,49): error TS6133: 'Cpu' is declared but its value is never read.
src/components/Features.tsx(5,1): error TS6133: 'useRef' is declared but its value is never read.
src/components/Footer.tsx(3,8): error TS6133: 'React' is declared but its value is never read.
src/components/Footer.tsx(5,37): error TS6133: 'Youtube' is declared but its value is never read.
src/components/Footer.tsx(5,60): error TS6133: 'ShieldCheck' is declared but its value is never read.
src/components/Footer.tsx(5,73): error TS6133: 'Heart' is declared but its value is never read.
src/components/ui/icon-cloud.tsx(17,24): error TS2554: Expected 1 arguments, but got 0.
src/components/ui/terminal.tsx(64,7): error TS2322: Type 'Ref<HTMLSpanElement>' is not assignable to type 'Ref<HTMLDivElement> | undefined'.
  Type 'RefObject<HTMLSpanElement | null>' is not assignable to type 'Ref<HTMLDivElement> | undefined'.
    Type 'RefObject<HTMLSpanElement | null>' is not assignable to type 'RefObject<HTMLDivElement | null>'.
      Type 'HTMLSpanElement | null' is not assignable to type 'HTMLDivElement | null'.
        Property 'align' is missing in type 'HTMLSpanElement' but required in type 'HTMLDivElement'.
src/components/ui/terminal.tsx(81,40): error TS2304: Cannot find name 'MotionProps'.
src/components/ui/typing-animation.tsx(2,18): error TS1484: 'MotionProps' is a type and must be imported using a type-only import when 'verbatimModuleSyntax' is enabled.
